Nothing to build in platform 'camtest_wrapper'

17:11:10 **** Incremental Build of configuration Debug for project i2c_test ****
make all 
make --no-print-directory pre-build
a9-linaro-pre-build-step
' '
make --no-print-directory main-build
'Building file: ../src/i2c_master.c'
'Invoking: ARM v7 gcc compiler'
arm-none-eabi-gcc -Wall -O0 -g3 -c -fmessage-length=0 -MT"src/i2c_master.o" -mcpu=cortex-a9 -mfpu=vfpv3 -mfloat-abi=hard -IC:/Users/george/Documents/GitHub/aimbot/prj/ov7670_vitis/camtest_wrapper/export/camtest_wrapper/sw/camtest_wrapper/standalone_ps7_cortexa9_0/bspinclude/include -MMD -MP -MF"src/i2c_master.d" -MT"src/i2c_master.o" -o "src/i2c_master.o" "../src/i2c_master.c"
'Finished building: ../src/i2c_master.c'
' '
'Building target: i2c_test.elf'
'Invoking: ARM v7 gcc linker'
arm-none-eabi-gcc -mcpu=cortex-a9 -mfpu=vfpv3 -mfloat-abi=hard -Wl,-build-id=none -specs=Xilinx.spec -Wl,-T -Wl,../src/lscript.ld -LC:/Users/george/Documents/GitHub/aimbot/prj/ov7670_vitis/camtest_wrapper/export/camtest_wrapper/sw/camtest_wrapper/standalone_ps7_cortexa9_0/bsplib/lib -o "i2c_test.elf"  ./src/i2c_master.o ./src/i2c_master_test.o ./src/platform.o   -Wl,--start-group,-lxil,-lgcc,-lc,--end-group
'Finished building target: i2c_test.elf'
' '
'Invoking: ARM v7 Print Size'
arm-none-eabi-size i2c_test.elf  |tee "i2c_test.elf.size"
   text	   data	    bss	    dec	    hex	filename
  28978	   2184	  22632	  53794	   d222	i2c_test.elf
'Finished building: i2c_test.elf.size'
' '
